Microchip MPLAB XC8 Compiler V2.32

Linker command line:

-W-3 --edf=C:\Program Files\Microchip\xc8\v2.32\pic\dat\en_msgs.txt -cn \
  -h+dist/default/production\LED_BUTTON_GLOW_USING_TIMER.X.production.sym \
  --cmf=dist/default/production\LED_BUTTON_GLOW_USING_TIMER.X.production.cmf \
  -z -Q16F887 -oC:\Users\star\AppData\Local\Temp\xcAsc90.4 \
  --defsym=__MPLAB_BUILD=1 \
  -Mdist/default/production/LED_BUTTON_GLOW_USING_TIMER.X.production.map \
  -E1 -ver=XC8 Compiler --acfsm=1493 -ASTACK=0110h-016Fh -pstack=STACK \
  -ACODE=00h-07FFhx4 -ASTRCODE=00h-01FFFh -ASTRING=00h-0FFhx32 \
  -ACONST=00h-0FFhx32 -AENTRY=00h-0FFhx32 -ACOMMON=070h-07Fh \
  -ABANK0=020h-06Fh -ABANK1=0A0h-0EFh -ABANK2=0110h-016Fh \
  -ABANK3=0190h-01EFh -ARAM=020h-06Fh,0A0h-0EFh,0110h-016Fh,0190h-01EFh \
  -AABS1=020h-07Fh,0A0h-0EFh,0110h-016Fh,0190h-01EFh -ASFR0=00h-01Fh \
  -ASFR1=080h-09Fh -ASFR2=0100h-010Fh -ASFR3=0180h-018Fh \
  -ACONFIG=02007h-02008h -DCONFIG=2 -AIDLOC=02000h-02003h -DIDLOC=2 \
  -AEEDATA=00h-0FFh/02100h -peeprom_data=EEDATA -DEEDATA=2 -DCODE=2 \
  -DSTRCODE=2 -DSTRING=2 -DCONST=2 -DENTRY=2 \
  -preset_vec=00h,intentry,init,end_init -ppowerup=CODE -pcinit=CODE \
  -pfunctab=ENTRY -k C:\Users\star\AppData\Local\Temp\xcAsc90.o \
  dist/default/production\LED_BUTTON_GLOW_USING_TIMER.X.production.o 

Object code version is 3.11

Machine type is 16F887



                Name                               Link     Load   Length Selector   Space Scale
C:\Users\star\AppData\Local\Temp\xcAsc90.o
                end_init                              0        0        3        0       0
dist/default/production\LED_BUTTON_GLOW_USING_TIMER.X.production.o
                cinit                               7EE      7EE       12      FDC       0
                text6                               66C      66C       19      CD8       0
                text5                               65F      65F        D      CBE       0
                text4                               718      718       67      E30       0
                text3                               6BF      6BF       59      D7E       0
                text2                               685      685       3A      D0A       0
                text1                               653      653        C      CA6       0
                maintext                            77F      77F       6F      EFE       0
                cstackCOMMON                         70       70        C       70       1
                dataBANK0                            20       20        2       20       1
                bssCOMMON                            7C       7C        2       70       1
                idataBANK0                          651      651        2      CA2       0

TOTAL           Name                               Link     Load   Length     Space
        CLASS   STACK          

        CLASS   CODE           
                end_init                              0        0        3         0
                cinit                               7EE      7EE       12         0
                text6                               66C      66C       19         0
                text5                               65F      65F        D         0
                text4                               718      718       67         0
                text3                               6BF      6BF       59         0
                text2                               685      685       3A         0
                text1                               653      653        C         0
                maintext                            77F      77F       6F         0
                idataBANK0                          651      651        2         0

        CLASS   STRCODE        

        CLASS   STRING         

        CLASS   CONST          

        CLASS   ENTRY          

        CLASS   COMMON         
                cstackCOMMON                         70       70        C         1
                bssCOMMON                            7C       7C        2         1

        CLASS   BANK0          
                dataBANK0                            20       20        2         1

        CLASS   BANK1          

        CLASS   BANK2          

        CLASS   BANK3          

        CLASS   RAM            

        CLASS   ABS1           
                abs_s1                               7E       7E        2         1

        CLASS   SFR0           

        CLASS   SFR1           

        CLASS   SFR2           

        CLASS   SFR3           

        CLASS   CONFIG         

        CLASS   IDLOC          

        CLASS   EEDATA         



SEGMENTS        Name                           Load    Length   Top    Selector   Space  Class     Delta

                reset_vec                      000000  000003  000003         0       0  CODE        2
                dataBANK0                      000020  000002  000022        20       1  BANK0       1
                cstackCOMMON                   000070  00000E  00007E        70       1  COMMON      1
                idataBANK0                     000651  000002  000653       CA2       0  CODE        2
                text1                          000653  00000C  00065F       CA6       0  CODE        2
                text5                          00065F  00000D  00066C       CBE       0  CODE        2
                text6                          00066C  000019  000685       CD8       0  CODE        2
                text2                          000685  00003A  0006BF       D0A       0  CODE        2
                text3                          0006BF  000059  000718       D7E       0  CODE        2
                text4                          000718  000067  00077F       E30       0  CODE        2
                maintext                       00077F  00006F  0007EE       EFE       0  CODE        2
                cinit                          0007EE  000012  000800       FDC       0  CODE        2


UNUSED ADDRESS RANGES

        Name                Unused          Largest block    Delta
        BANK0            0022-006F             4E           1
        BANK1            00A0-00EF             50           1
        BANK2            0110-016F             60           1
        BANK3            0190-01EF             60           1
        CODE             0003-0650            64E           2
                         0800-1FFF            800
        CONFIG           2007-2008              2           2
        CONST            0003-0650            100           2
                         0800-1FFF            100
        EEDATA           2100-21FF            100           2
        ENTRY            0003-0650            100           2
                         0800-1FFF            100
        IDLOC            2000-2003              4           2
        RAM              0022-006F             4E           1
                         00A0-00EF             50
                         0110-016F             60
                         0190-01EF             60
        SFR0             0000-001F             20           1
        SFR1             0080-009F             20           1
        SFR2             0100-010F             10           1
        SFR3             0180-018F             10           1
        STACK            0110-016F             60           1
        STRCODE          0003-0650            64E           2
                         0800-1FFF           1800
        STRING           0003-0650            100           2
                         0800-1FFF            100

                                  Symbol Table

?___awdiv                cstackCOMMON 0070
?___awmod                cstackCOMMON 0070
LCD@g                    cstackCOMMON 0072
_ANSEL                   (abs)        0188
_LCD                     text5        065F
_OPTION_REG              (abs)        0081
_PORTA                   (abs)        0005
_PORTC                   (abs)        0007
_PORTD                   (abs)        0008
_RA0                     (abs)        0028
_RA1                     (abs)        0029
_RA2                     (abs)        002A
_RA3                     (abs)        002B
_RA6                     (abs)        002E
_RA7                     (abs)        002F
_T0IF                    (abs)        005A
_TMR0                    (abs)        0001
_TRISA                   (abs)        0085
_TRISC                   (abs)        0087
_TRISD                   (abs)        0088
__Habs1                  abs1         0000
__Hbank0                 bank0        0000
__Hbank1                 bank1        0000
__Hbank2                 bank2        0000
__Hbank3                 bank3        0000
__HbssCOMMON             bssCOMMON    0000
__Hcinit                 cinit        0800
__Hclrtext               clrtext      0000
__Hcode                  code         0000
__Hcommon                common       0000
__HcstackCOMMON          cstackCOMMON 0000
__HdataBANK0             dataBANK0    0000
__Heeprom_data           eeprom_data  0000
__Hend_init              end_init     0003
__Hfunctab               functab      0000
__HidataBANK0            idataBANK0   0000
__Hinit                  init         0000
__Hintentry              intentry     0000
__Hmaintext              maintext     0000
__Hpowerup               powerup      0000
__Hram                   ram          0000
__Hreset_vec             reset_vec    0000
__Hsfr0                  sfr0         0000
__Hsfr1                  sfr1         0000
__Hsfr2                  sfr2         0000
__Hsfr3                  sfr3         0000
__Hspace_0               (abs)        0800
__Hspace_1               (abs)        007E
__Hspace_2               (abs)        0000
__Hspace_3               (abs)        0000
__Hstack                 stack        0000
__Hstrings               strings      0000
__Htext                  text         0000
__Labs1                  abs1         0000
__Lbank0                 bank0        0000
__Lbank1                 bank1        0000
__Lbank2                 bank2        0000
__Lbank3                 bank3        0000
__LbssCOMMON             bssCOMMON    0000
__Lcinit                 cinit        07EE
__Lclrtext               clrtext      0000
__Lcode                  code         0000
__Lcommon                common       0000
__LcstackCOMMON          cstackCOMMON 0000
__LdataBANK0             dataBANK0    0000
__Leeprom_data           eeprom_data  0000
__Lend_init              end_init     0000
__Lfunctab               functab      0000
__LidataBANK0            idataBANK0   0000
__Linit                  init         0000
__Lintentry              intentry     0000
__Lmaintext              maintext     0000
__Lpowerup               powerup      0000
__Lram                   ram          0000
__Lreset_vec             reset_vec    0000
__Lsfr0                  sfr0         0000
__Lsfr1                  sfr1         0000
__Lsfr2                  sfr2         0000
__Lsfr3                  sfr3         0000
__Lspace_0               (abs)        0000
__Lspace_1               (abs)        0000
__Lspace_2               (abs)        0000
__Lspace_3               (abs)        0000
__Lstack                 stack        0000
__Lstrings               strings      0000
__Ltext                  text         0000
__S0                     (abs)        0800
__S1                     (abs)        007E
__S2                     (abs)        0000
__S3                     (abs)        0000
___awdiv                 text4        0718
___awdiv@counter         cstackCOMMON 0075
___awdiv@dividend        cstackCOMMON 0072
___awdiv@divisor         cstackCOMMON 0070
___awdiv@quotient        cstackCOMMON 0077
___awdiv@sign            cstackCOMMON 0076
___awmod                 text3        06BF
___awmod@counter         cstackCOMMON 0075
___awmod@dividend        cstackCOMMON 0072
___awmod@divisor         cstackCOMMON 0070
___awmod@sign            cstackCOMMON 0076
___int_sp                stack        0000
___latbits               (abs)        0002
___sp                    stack        0000
___stackhi               (abs)        0000
___stacklo               (abs)        0000
__end_of_LCD             text5        066C
__end_of___awdiv         text4        077F
__end_of___awmod         text3        0718
__end_of__initialization cinit        07FC
__end_of_display         text2        06BF
__end_of_main            maintext     07EE
__end_of_pulse           text6        0685
__end_of_timer           text1        065F
__initialization         cinit        07EE
__pbssCOMMON             bssCOMMON    007C
__pcstackCOMMON          cstackCOMMON 0070
__pdataBANK0             dataBANK0    0020
__pidataBANK0            idataBANK0   0651
__pmaintext              maintext     077F
__ptext1                 text1        0653
__ptext2                 text2        0685
__ptext3                 text3        06BF
__ptext4                 text4        0718
__ptext5                 text5        065F
__ptext6                 text6        066C
__size_of_LCD            (abs)        0000
__size_of___awdiv        (abs)        0000
__size_of___awmod        (abs)        0000
__size_of_display        (abs)        0000
__size_of_main           (abs)        0000
__size_of_pulse          (abs)        0000
__size_of_timer          (abs)        0000
_count                   bssCOMMON    007C
_display                 text2        0685
_main                    maintext     077F
_pulse                   text6        066C
_timer                   text1        0653
btemp                    (abs)        007E
display@h                cstackCOMMON 007B
end_of_initialization    cinit        07FC
intlevel0                functab      0000
intlevel1                functab      0000
intlevel2                functab      0000
intlevel3                functab      0000
intlevel4                functab      0000
intlevel5                functab      0000
reset_vec                reset_vec    0000
start                    init         0000
start_initialization     cinit        07EE
wtemp0                   (abs)        007E


MODULE INFORMATION

Module		Function		Class		Link	Load	Size
LED BUTTON GLOW USING TIMER.c
		_display       		CODE           	0685	0000	58
		_LCD           		CODE           	065F	0000	13
		_main          		CODE           	077F	0000	111
		_timer         		CODE           	0653	0000	12
		_pulse         		CODE           	066C	0000	25

LED BUTTON GLOW USING TIMER.c estimated size: 219

C:\Program Files\Microchip\xc8\v2.32\pic\sources\c90\common\awmod.c
		___awmod       		CODE           	06BF	0000	89

C:\Program Files\Microchip\xc8\v2.32\pic\sources\c90\common\awmod.c estimated size: 89

shared
		__initialization		CODE           	07EE	0000	14

shared estimated size: 14

C:\Program Files\Microchip\xc8\v2.32\pic\sources\c90\common\awdiv.c
		___awdiv       		CODE           	0718	0000	103

C:\Program Files\Microchip\xc8\v2.32\pic\sources\c90\common\awdiv.c estimated size: 103

