Microchip MPLAB XC8 Compiler V2.32

Linker command line:

-W-3 --edf=C:\Program Files\Microchip\xc8\v2.32\pic\dat\en_msgs.txt -cn \
  -h+dist/default/production\keypad_input.X.production.sym \
  --cmf=dist/default/production\keypad_input.X.production.cmf -z -Q16F887 \
  -oC:\Users\star\AppData\Local\Temp\xcAsd58.4 --defsym=__MPLAB_BUILD=1 \
  -Mdist/default/production/keypad_input.X.production.map -E1 \
  -ver=XC8 Compiler --acfsm=1493 -ASTACK=0110h-016Fh -pstack=STACK \
  -ACODE=00h-07FFhx4 -ASTRCODE=00h-01FFFh -ASTRING=00h-0FFhx32 \
  -ACONST=00h-0FFhx32 -AENTRY=00h-0FFhx32 -ACOMMON=070h-07Fh \
  -ABANK0=020h-06Fh -ABANK1=0A0h-0EFh -ABANK2=0110h-016Fh \
  -ABANK3=0190h-01EFh -ARAM=020h-06Fh,0A0h-0EFh,0110h-016Fh,0190h-01EFh \
  -AABS1=020h-07Fh,0A0h-0EFh,0110h-016Fh,0190h-01EFh -ASFR0=00h-01Fh \
  -ASFR1=080h-09Fh -ASFR2=0100h-010Fh -ASFR3=0180h-018Fh \
  -ACONFIG=02007h-02008h -DCONFIG=2 -AIDLOC=02000h-02003h -DIDLOC=2 \
  -AEEDATA=00h-0FFh/02100h -peeprom_data=EEDATA -DEEDATA=2 -DCODE=2 \
  -DSTRCODE=2 -DSTRING=2 -DCONST=2 -DENTRY=2 \
  -preset_vec=00h,intentry,init,end_init -ppowerup=CODE -pcinit=CODE \
  -pfunctab=ENTRY -k C:\Users\star\AppData\Local\Temp\xcAsd58.o \
  dist/default/production\keypad_input.X.production.o 

Object code version is 3.11

Machine type is 16F887



                Name                               Link     Load   Length Selector   Space Scale
C:\Users\star\AppData\Local\Temp\xcAsd58.o
                end_init                              0        0        3        0       0
dist/default/production\keypad_input.X.production.o
                cinit                               7EE      7EE       12      FDC       0
                text6                               6D0      6D0       19      DA0       0
                text5                               692      692       13      D24       0
                text4                               78F      78F       5F      F1E       0
                text3                               6E9      6E9       1B      DD2       0
                text2                               704      704       1B      E08       0
                text1                               71F      71F       1B      E3E       0
                maintext                            73A      73A       55      E74       0
                cstackCOMMON                         70       70        E       70       1
                inittext                            6A5      6A5       13      D4A       0
                dataBANK0                            20       20       18       20       1
                idataBANK0                          6B8      6B8       18      D70       0

TOTAL           Name                               Link     Load   Length     Space
        CLASS   STACK          

        CLASS   CODE           
                end_init                              0        0        3         0
                cinit                               7EE      7EE       12         0
                text6                               6D0      6D0       19         0
                text5                               692      692       13         0
                text4                               78F      78F       5F         0
                text3                               6E9      6E9       1B         0
                text2                               704      704       1B         0
                text1                               71F      71F       1B         0
                maintext                            73A      73A       55         0
                inittext                            6A5      6A5       13         0
                idataBANK0                          6B8      6B8       18         0

        CLASS   STRCODE        

        CLASS   STRING         

        CLASS   CONST          

        CLASS   ENTRY          

        CLASS   COMMON         
                cstackCOMMON                         70       70        E         1

        CLASS   BANK0          
                dataBANK0                            20       20       18         1

        CLASS   BANK1          

        CLASS   BANK2          

        CLASS   BANK3          

        CLASS   RAM            

        CLASS   ABS1           
                abs_s1                               7E       7E        2         1

        CLASS   SFR0           

        CLASS   SFR1           

        CLASS   SFR2           

        CLASS   SFR3           

        CLASS   CONFIG         

        CLASS   IDLOC          

        CLASS   EEDATA         



SEGMENTS        Name                           Load    Length   Top    Selector   Space  Class     Delta

                reset_vec                      000000  000003  000003         0       0  CODE        2
                dataBANK0                      000020  000018  000038        20       1  BANK0       1
                cstackCOMMON                   000070  00000E  00007E        70       1  COMMON      1
                text5                          000692  000013  0006A5       D24       0  CODE        2
                inittext                       0006A5  000013  0006B8       D4A       0  CODE        2
                idataBANK0                     0006B8  000018  0006D0       D70       0  CODE        2
                text6                          0006D0  000019  0006E9       DA0       0  CODE        2
                text3                          0006E9  00001B  000704       DD2       0  CODE        2
                text2                          000704  00001B  00071F       E08       0  CODE        2
                text1                          00071F  00001B  00073A       E3E       0  CODE        2
                maintext                       00073A  000055  00078F       E74       0  CODE        2
                text4                          00078F  00005F  0007EE       F1E       0  CODE        2
                cinit                          0007EE  000012  000800       FDC       0  CODE        2


UNUSED ADDRESS RANGES

        Name                Unused          Largest block    Delta
        BANK0            0038-006F             38           1
        BANK1            00A0-00EF             50           1
        BANK2            0110-016F             60           1
        BANK3            0190-01EF             60           1
        CODE             0003-0691            68F           2
                         0800-1FFF            800
        CONFIG           2007-2008              2           2
        CONST            0003-0691            100           2
                         0800-1FFF            100
        EEDATA           2100-21FF            100           2
        ENTRY            0003-0691            100           2
                         0800-1FFF            100
        IDLOC            2000-2003              4           2
        RAM              0038-006F             38           1
                         00A0-00EF             50
                         0110-016F             60
                         0190-01EF             60
        SFR0             0000-001F             20           1
        SFR1             0080-009F             20           1
        SFR2             0100-010F             10           1
        SFR3             0180-018F             10           1
        STACK            0110-016F             60           1
        STRCODE          0003-0691            68F           2
                         0800-1FFF           1800
        STRING           0003-0691            100           2
                         0800-1FFF            100

                                  Symbol Table

LCD@g                    cstackCOMMON 0072
LCD@h                    cstackCOMMON 0074
_ANSEL                   (abs)        0188
_ANSELH                  (abs)        0189
_LCD                     text5        0692
_PORTA                   (abs)        0005
_PORTC                   (abs)        0007
_PORTD                   (abs)        0008
_RA0                     (abs)        0028
_RA1                     (abs)        0029
_RA2                     (abs)        002A
_RD0                     (abs)        0040
_RD1                     (abs)        0041
_RD2                     (abs)        0042
_RD3                     (abs)        0043
_RD4                     (abs)        0044
_RD5                     (abs)        0045
_RD6                     (abs)        0046
_RD7                     (abs)        0047
_TRISA                   (abs)        0085
_TRISC                   (abs)        0087
_TRISD                   (abs)        0088
__Habs1                  abs1         0000
__Hbank0                 bank0        0000
__Hbank1                 bank1        0000
__Hbank2                 bank2        0000
__Hbank3                 bank3        0000
__Hcinit                 cinit        0800
__Hclrtext               clrtext      0000
__Hcode                  code         0000
__Hcommon                common       0000
__HcstackCOMMON          cstackCOMMON 0000
__HdataBANK0             dataBANK0    0000
__Heeprom_data           eeprom_data  0000
__Hend_init              end_init     0003
__Hfunctab               functab      0000
__HidataBANK0            idataBANK0   0000
__Hinit                  init         0000
__Hinittext              inittext     0000
__Hintentry              intentry     0000
__Hmaintext              maintext     0000
__Hpowerup               powerup      0000
__Hram                   ram          0000
__Hreset_vec             reset_vec    0000
__Hsfr0                  sfr0         0000
__Hsfr1                  sfr1         0000
__Hsfr2                  sfr2         0000
__Hsfr3                  sfr3         0000
__Hspace_0               (abs)        0800
__Hspace_1               (abs)        007E
__Hspace_2               (abs)        0000
__Hspace_3               (abs)        0000
__Hstack                 stack        0000
__Hstrings               strings      0000
__Htext                  text         0000
__Labs1                  abs1         0000
__Lbank0                 bank0        0000
__Lbank1                 bank1        0000
__Lbank2                 bank2        0000
__Lbank3                 bank3        0000
__Lcinit                 cinit        07EE
__Lclrtext               clrtext      0000
__Lcode                  code         0000
__Lcommon                common       0000
__LcstackCOMMON          cstackCOMMON 0000
__LdataBANK0             dataBANK0    0000
__Leeprom_data           eeprom_data  0000
__Lend_init              end_init     0000
__Lfunctab               functab      0000
__LidataBANK0            idataBANK0   0000
__Linit                  init         0000
__Linittext              inittext     0000
__Lintentry              intentry     0000
__Lmaintext              maintext     0000
__Lpowerup               powerup      0000
__Lram                   ram          0000
__Lreset_vec             reset_vec    0000
__Lsfr0                  sfr0         0000
__Lsfr1                  sfr1         0000
__Lsfr2                  sfr2         0000
__Lsfr3                  sfr3         0000
__Lspace_0               (abs)        0000
__Lspace_1               (abs)        0000
__Lspace_2               (abs)        0000
__Lspace_3               (abs)        0000
__Lstack                 stack        0000
__Lstrings               strings      0000
__Ltext                  text         0000
__S0                     (abs)        0800
__S1                     (abs)        007E
__S2                     (abs)        0000
__S3                     (abs)        0000
___int_sp                stack        0000
___latbits               (abs)        0002
___sp                    stack        0000
___stackhi               (abs)        0000
___stacklo               (abs)        0000
__end_of_LCD             text5        06A5
__end_of__initialization cinit        07FC
__end_of_first_seg       text3        0704
__end_of_keypad          text4        07EE
__end_of_main            maintext     078F
__end_of_pulse           text6        06E9
__end_of_second_seg      text2        071F
__end_of_third_seg       text1        073A
__initialization         cinit        07EE
__pcstackCOMMON          cstackCOMMON 0070
__pdataBANK0             dataBANK0    0020
__pidataBANK0            idataBANK0   06B8
__pmaintext              maintext     073A
__ptext1                 text1        071F
__ptext2                 text2        0704
__ptext3                 text3        06E9
__ptext4                 text4        078F
__ptext5                 text5        0692
__ptext6                 text6        06D0
__size_of_LCD            (abs)        0000
__size_of_first_seg      (abs)        0000
__size_of_keypad         (abs)        0000
__size_of_main           (abs)        0000
__size_of_pulse          (abs)        0000
__size_of_second_seg     (abs)        0000
__size_of_third_seg      (abs)        0000
_first_seg               text3        06E9
_keypad                  text4        078F
_main                    maintext     073A
_pulse                   text6        06D0
_second_seg              text2        0704
_third_seg               text1        071F
btemp                    (abs)        007E
end_of_initialization    cinit        07FC
init_fetch0              inittext     06A5
init_ram0                inittext     06A9
intlevel0                functab      0000
intlevel1                functab      0000
intlevel2                functab      0000
intlevel3                functab      0000
intlevel4                functab      0000
intlevel5                functab      0000
keypad@w                 cstackCOMMON 0076
keypad@x                 cstackCOMMON 0078
keypad@y                 cstackCOMMON 007A
keypad@z                 cstackCOMMON 007C
reset_vec                reset_vec    0000
start                    init         0000
start_initialization     cinit        07EE
wtemp0                   (abs)        007E


MODULE INFORMATION

Module		Function		Class		Link	Load	Size
ketpad input.c
		_LCD           		CODE           	0692	0000	19
		_main          		CODE           	073A	0000	85
		_keypad        		CODE           	078F	0000	95
		_pulse         		CODE           	06D0	0000	25
		_third_seg     		CODE           	071F	0000	27
		_first_seg     		CODE           	06E9	0000	27
		_second_seg    		CODE           	0704	0000	27

ketpad input.c estimated size: 305

shared
		__initialization		CODE           	07EE	0000	14

shared estimated size: 14

