Microchip MPLAB XC8 Compiler V2.32

Linker command line:

-W-3 --edf=C:\Program Files\Microchip\xc8\v2.32\pic\dat\en_msgs.txt -cn \
  -h+dist/default/production\INTERCHANGE_METHOD.X.production.sym \
  --cmf=dist/default/production\INTERCHANGE_METHOD.X.production.cmf -z \
  -Q16F887 -oC:\Users\star\AppData\Local\Temp\xcAs9g4.4 \
  --defsym=__MPLAB_BUILD=1 \
  -Mdist/default/production/INTERCHANGE_METHOD.X.production.map -E1 \
  -ver=XC8 Compiler --acfsm=1493 -ASTACK=0110h-016Fh -pstack=STACK \
  -ACODE=00h-07FFhx4 -ASTRCODE=00h-01FFFh -ASTRING=00h-0FFhx32 \
  -ACONST=00h-0FFhx32 -AENTRY=00h-0FFhx32 -ACOMMON=070h-07Fh \
  -ABANK0=020h-06Fh -ABANK1=0A0h-0EFh -ABANK2=0110h-016Fh \
  -ABANK3=0190h-01EFh -ARAM=020h-06Fh,0A0h-0EFh,0110h-016Fh,0190h-01EFh \
  -AABS1=020h-07Fh,0A0h-0EFh,0110h-016Fh,0190h-01EFh -ASFR0=00h-01Fh \
  -ASFR1=080h-09Fh -ASFR2=0100h-010Fh -ASFR3=0180h-018Fh \
  -ACONFIG=02007h-02008h -DCONFIG=2 -AIDLOC=02000h-02003h -DIDLOC=2 \
  -AEEDATA=00h-0FFh/02100h -peeprom_data=EEDATA -DEEDATA=2 -DCODE=2 \
  -DSTRCODE=2 -DSTRING=2 -DCONST=2 -DENTRY=2 \
  -preset_vec=00h,intentry,init,end_init -ppowerup=CODE -pcinit=CODE \
  -pfunctab=ENTRY -k C:\Users\star\AppData\Local\Temp\xcAs9g4.o \
  dist/default/production\INTERCHANGE_METHOD.X.production.o 

Object code version is 3.11

Machine type is 16F887



                Name                               Link     Load   Length Selector   Space Scale
C:\Users\star\AppData\Local\Temp\xcAs9g4.o
                end_init                              0        0        3        0       0
dist/default/production\INTERCHANGE_METHOD.X.production.o
                cinit                               7EE      7EE       12      FDC       0
                text2                               79E      79E        B      F3C       0
                text1                               7A9      7A9        D      F52       0
                maintext                            7B6      7B6       38      F6C       0
                cstackCOMMON                         74       74        2       70       1
                dataCOMMON                           72       72        2       70       1
                bssCOMMON                            70       70        2       70       1
                idataCOMMON                         79C      79C        2      F38       0

TOTAL           Name                               Link     Load   Length     Space
        CLASS   STACK          

        CLASS   CODE           
                end_init                              0        0        3         0
                cinit                               7EE      7EE       12         0
                text2                               79E      79E        B         0
                text1                               7A9      7A9        D         0
                maintext                            7B6      7B6       38         0
                idataCOMMON                         79C      79C        2         0

        CLASS   STRCODE        

        CLASS   STRING         

        CLASS   CONST          

        CLASS   ENTRY          

        CLASS   COMMON         
                cstackCOMMON                         74       74        2         1
                dataCOMMON                           72       72        2         1
                bssCOMMON                            70       70        2         1

        CLASS   BANK0          

        CLASS   BANK1          

        CLASS   BANK2          

        CLASS   BANK3          

        CLASS   RAM            

        CLASS   ABS1           
                abs_s1                               7E       7E        2         1

        CLASS   SFR0           

        CLASS   SFR1           

        CLASS   SFR2           

        CLASS   SFR3           

        CLASS   CONFIG         

        CLASS   IDLOC          

        CLASS   EEDATA         



SEGMENTS        Name                           Load    Length   Top    Selector   Space  Class     Delta

                reset_vec                      000000  000003  000003         0       0  CODE        2
                bssCOMMON                      000070  000006  000076        70       1  COMMON      1
                idataCOMMON                    00079C  000002  00079E       F38       0  CODE        2
                text2                          00079E  00000B  0007A9       F3C       0  CODE        2
                text1                          0007A9  00000D  0007B6       F52       0  CODE        2
                maintext                       0007B6  000038  0007EE       F6C       0  CODE        2
                cinit                          0007EE  000012  000800       FDC       0  CODE        2


UNUSED ADDRESS RANGES

        Name                Unused          Largest block    Delta
        BANK0            0020-006F             50           1
        BANK1            00A0-00EF             50           1
        BANK2            0110-016F             60           1
        BANK3            0190-01EF             60           1
        CODE             0003-079B            799           2
                         0800-1FFF            800
        COMMON           0076-007D              8           1
        CONFIG           2007-2008              2           2
        CONST            0003-079B            100           2
                         0800-1FFF            100
        EEDATA           2100-21FF            100           2
        ENTRY            0003-079B            100           2
                         0800-1FFF            100
        IDLOC            2000-2003              4           2
        RAM              0020-006F             50           1
                         00A0-00EF             50
                         0110-016F             60
                         0190-01EF             60
        SFR0             0000-001F             20           1
        SFR1             0080-009F             20           1
        SFR2             0100-010F             10           1
        SFR3             0180-018F             10           1
        STACK            0110-016F             60           1
        STRCODE          0003-079B            799           2
                         0800-1FFF           1800
        STRING           0003-079B            100           2
                         0800-1FFF            100

                                  Symbol Table

_PORTC                   (abs)        0007
_RC0                     (abs)        0038
_RC1                     (abs)        0039
_RC2                     (abs)        003A
_RC7                     (abs)        003F
_TRISC                   (abs)        0087
__Habs1                  abs1         0000
__Hbank0                 bank0        0000
__Hbank1                 bank1        0000
__Hbank2                 bank2        0000
__Hbank3                 bank3        0000
__HbssCOMMON             bssCOMMON    0000
__Hcinit                 cinit        0800
__Hclrtext               clrtext      0000
__Hcode                  code         0000
__Hcommon                common       0000
__HcstackCOMMON          cstackCOMMON 0000
__HdataCOMMON            dataCOMMON   0000
__Heeprom_data           eeprom_data  0000
__Hend_init              end_init     0003
__Hfunctab               functab      0000
__HidataCOMMON           idataCOMMON  0000
__Hinit                  init         0000
__Hintentry              intentry     0000
__Hmaintext              maintext     0000
__Hpowerup               powerup      0000
__Hram                   ram          0000
__Hreset_vec             reset_vec    0000
__Hsfr0                  sfr0         0000
__Hsfr1                  sfr1         0000
__Hsfr2                  sfr2         0000
__Hsfr3                  sfr3         0000
__Hspace_0               (abs)        0800
__Hspace_1               (abs)        0076
__Hspace_2               (abs)        0000
__Hspace_3               (abs)        0000
__Hstack                 stack        0000
__Hstrings               strings      0000
__Htext                  text         0000
__Labs1                  abs1         0000
__Lbank0                 bank0        0000
__Lbank1                 bank1        0000
__Lbank2                 bank2        0000
__Lbank3                 bank3        0000
__LbssCOMMON             bssCOMMON    0000
__Lcinit                 cinit        07EE
__Lclrtext               clrtext      0000
__Lcode                  code         0000
__Lcommon                common       0000
__LcstackCOMMON          cstackCOMMON 0000
__LdataCOMMON            dataCOMMON   0000
__Leeprom_data           eeprom_data  0000
__Lend_init              end_init     0000
__Lfunctab               functab      0000
__LidataCOMMON           idataCOMMON  0000
__Linit                  init         0000
__Lintentry              intentry     0000
__Lmaintext              maintext     0000
__Lpowerup               powerup      0000
__Lram                   ram          0000
__Lreset_vec             reset_vec    0000
__Lsfr0                  sfr0         0000
__Lsfr1                  sfr1         0000
__Lsfr2                  sfr2         0000
__Lsfr3                  sfr3         0000
__Lspace_0               (abs)        0000
__Lspace_1               (abs)        0000
__Lspace_2               (abs)        0000
__Lspace_3               (abs)        0000
__Lstack                 stack        0000
__Lstrings               strings      0000
__Ltext                  text         0000
__S0                     (abs)        0800
__S1                     (abs)        0076
__S2                     (abs)        0000
__S3                     (abs)        0000
___int_sp                stack        0000
___latbits               (abs)        0002
___sp                    stack        0000
___stackhi               (abs)        0000
___stacklo               (abs)        0000
__end_of__initialization cinit        07FC
__end_of_display         text2        07A9
__end_of_main            maintext     07EE
__end_of_swap            text1        07B6
__initialization         cinit        07EE
__pbssCOMMON             bssCOMMON    0070
__pcstackCOMMON          cstackCOMMON 0074
__pdataCOMMON            dataCOMMON   0072
__pidataCOMMON           idataCOMMON  079C
__pmaintext              maintext     07B6
__ptext1                 text1        07A9
__ptext2                 text2        079E
__size_of_display        (abs)        0000
__size_of_main           (abs)        0000
__size_of_swap           (abs)        0000
_a                       dataCOMMON   0072
_b                       bssCOMMON    0070
_display                 text2        079E
_main                    maintext     07B6
_swap                    text1        07A9
btemp                    (abs)        007E
display@a                cstackCOMMON 0074
end_of_initialization    cinit        07FC
intlevel0                functab      0000
intlevel1                functab      0000
intlevel2                functab      0000
intlevel3                functab      0000
intlevel4                functab      0000
intlevel5                functab      0000
reset_vec                reset_vec    0000
start                    init         0000
start_initialization     cinit        07EE
swap@x                   cstackCOMMON 0074
wtemp0                   (abs)        007E


MODULE INFORMATION

Module		Function		Class		Link	Load	Size
INTERCHANGE METHOD.c
		_display       		CODE           	079E	0000	11
		_main          		CODE           	07B6	0000	56
		_swap          		CODE           	07A9	0000	13

INTERCHANGE METHOD.c estimated size: 80

shared
		__initialization		CODE           	07EE	0000	14

shared estimated size: 14

