Microchip MPLAB XC8 Compiler V2.32

Linker command line:

-W-3 --edf=C:\Program Files\Microchip\xc8\v2.32\pic\dat\en_msgs.txt -cn \
  -h+dist/default/production\countwise_forward_and_reverse.X.production.sym \
  --cmf=dist/default/production\countwise_forward_and_reverse.X.production.cmf \
  -z -Q16F887 -oC:\Users\star\AppData\Local\Temp\xcAs4ls.5 \
  --defsym=__MPLAB_BUILD=1 \
  -Mdist/default/production/countwise_forward_and_reverse.X.production.map \
  -E1 -ver=XC8 Compiler --acfsm=1493 -ASTACK=0110h-016Fh -pstack=STACK \
  -ACODE=00h-07FFhx4 -ASTRCODE=00h-01FFFh -ASTRING=00h-0FFhx32 \
  -ACONST=00h-0FFhx32 -AENTRY=00h-0FFhx32 -ACOMMON=070h-07Fh \
  -ABANK0=020h-06Fh -ABANK1=0A0h-0EFh -ABANK2=0110h-016Fh \
  -ABANK3=0190h-01EFh -ARAM=020h-06Fh,0A0h-0EFh,0110h-016Fh,0190h-01EFh \
  -AABS1=020h-07Fh,0A0h-0EFh,0110h-016Fh,0190h-01EFh -ASFR0=00h-01Fh \
  -ASFR1=080h-09Fh -ASFR2=0100h-010Fh -ASFR3=0180h-018Fh \
  -ACONFIG=02007h-02008h -DCONFIG=2 -AIDLOC=02000h-02003h -DIDLOC=2 \
  -AEEDATA=00h-0FFh/02100h -peeprom_data=EEDATA -DEEDATA=2 -DCODE=2 \
  -DSTRCODE=2 -DSTRING=2 -DCONST=2 -DENTRY=2 \
  -preset_vec=00h,intentry,init,end_init -ppowerup=CODE -pcinit=CODE \
  -pfunctab=ENTRY -k C:\Users\star\AppData\Local\Temp\xcAs4ls.o \
  dist/default/production\countwise_forward_and_reverse.X.production.o 

Object code version is 3.11

Machine type is 16F887



                Name                               Link     Load   Length Selector   Space Scale
C:\Users\star\AppData\Local\Temp\xcAs4ls.o
                end_init                              0        0        3        0       0
dist/default/production\countwise_forward_and_reverse.X.production.o
                cinit                               7E8      7E8       18      FD0       0
                text5                               6FD      6FD       67      DFA       0
                text4                               6A4      6A4       59      D48       0
                text3                               65B      65B       49      CB6       0
                text2                               5EF      5EF       36      BDE       0
                text1                               625      625       36      C4A       0
                maintext                            764      764       84      EC8       0
                cstackBANK0                          3A       3A        4       20       1
                cstackCOMMON                         70       70        E       70       1
                inittext                            5C8      5C8       13      B90       0
                dataBANK0                            20       20       14       20       1
                bssBANK0                             34       34        6       20       1
                idataBANK0                          5DB      5DB       14      BB6       0

TOTAL           Name                               Link     Load   Length     Space
        CLASS   STACK          

        CLASS   CODE           
                end_init                              0        0        3         0
                cinit                               7E8      7E8       18         0
                text5                               6FD      6FD       67         0
                text4                               6A4      6A4       59         0
                text3                               65B      65B       49         0
                text2                               5EF      5EF       36         0
                text1                               625      625       36         0
                maintext                            764      764       84         0
                inittext                            5C8      5C8       13         0
                idataBANK0                          5DB      5DB       14         0

        CLASS   STRCODE        

        CLASS   STRING         

        CLASS   CONST          

        CLASS   ENTRY          

        CLASS   COMMON         
                cstackCOMMON                         70       70        E         1

        CLASS   BANK0          
                cstackBANK0                          3A       3A        4         1
                dataBANK0                            20       20       14         1
                bssBANK0                             34       34        6         1

        CLASS   BANK1          

        CLASS   BANK2          

        CLASS   BANK3          

        CLASS   RAM            

        CLASS   ABS1           
                abs_s1                               7E       7E        2         1

        CLASS   SFR0           

        CLASS   SFR1           

        CLASS   SFR2           

        CLASS   SFR3           

        CLASS   CONFIG         

        CLASS   IDLOC          

        CLASS   EEDATA         



SEGMENTS        Name                           Load    Length   Top    Selector   Space  Class     Delta

                reset_vec                      000000  000003  000003         0       0  CODE        2
                dataBANK0                      000020  00001E  00003E        20       1  BANK0       1
                cstackCOMMON                   000070  00000E  00007E        70       1  COMMON      1
                inittext                       0005C8  000013  0005DB       B90       0  CODE        2
                idataBANK0                     0005DB  000014  0005EF       BB6       0  CODE        2
                text2                          0005EF  000036  000625       BDE       0  CODE        2
                text1                          000625  000036  00065B       C4A       0  CODE        2
                text3                          00065B  000049  0006A4       CB6       0  CODE        2
                text4                          0006A4  000059  0006FD       D48       0  CODE        2
                text5                          0006FD  000067  000764       DFA       0  CODE        2
                maintext                       000764  000084  0007E8       EC8       0  CODE        2
                cinit                          0007E8  000018  000800       FD0       0  CODE        2


UNUSED ADDRESS RANGES

        Name                Unused          Largest block    Delta
        BANK0            003E-006F             32           1
        BANK1            00A0-00EF             50           1
        BANK2            0110-016F             60           1
        BANK3            0190-01EF             60           1
        CODE             0003-05C7            5C5           2
                         0800-1FFF            800
        CONFIG           2007-2008              2           2
        CONST            0003-05C7            100           2
                         0800-1FFF            100
        EEDATA           2100-21FF            100           2
        ENTRY            0003-05C7            100           2
                         0800-1FFF            100
        IDLOC            2000-2003              4           2
        RAM              003E-006F             32           1
                         00A0-00EF             50
                         0110-016F             60
                         0190-01EF             60
        SFR0             0000-001F             20           1
        SFR1             0080-009F             20           1
        SFR2             0100-010F             10           1
        SFR3             0180-018F             10           1
        STACK            0110-016F             60           1
        STRCODE          0003-05C7            5C5           2
                         0800-1FFF           1800
        STRING           0003-05C7            100           2
                         0800-1FFF            100

                                  Symbol Table

?___awdiv                cstackCOMMON 0070
?___awmod                cstackCOMMON 0070
_PORTC                   (abs)        0007
_PORTD                   (abs)        0008
_RC0                     (abs)        0038
_RC1                     (abs)        0039
_RC6                     (abs)        003E
_RC7                     (abs)        003F
_TRISC                   (abs)        0087
_TRISD                   (abs)        0088
__Habs1                  abs1         0000
__Hbank0                 bank0        0000
__Hbank1                 bank1        0000
__Hbank2                 bank2        0000
__Hbank3                 bank3        0000
__HbssBANK0              bssBANK0     0000
__Hcinit                 cinit        0800
__Hclrtext               clrtext      0000
__Hcode                  code         0000
__Hcommon                common       0000
__HcstackBANK0           cstackBANK0  0000
__HcstackCOMMON          cstackCOMMON 0000
__HdataBANK0             dataBANK0    0000
__Heeprom_data           eeprom_data  0000
__Hend_init              end_init     0003
__Hfunctab               functab      0000
__HidataBANK0            idataBANK0   0000
__Hinit                  init         0000
__Hinittext              inittext     0000
__Hintentry              intentry     0000
__Hmaintext              maintext     0000
__Hpowerup               powerup      0000
__Hram                   ram          0000
__Hreset_vec             reset_vec    0000
__Hsfr0                  sfr0         0000
__Hsfr1                  sfr1         0000
__Hsfr2                  sfr2         0000
__Hsfr3                  sfr3         0000
__Hspace_0               (abs)        0800
__Hspace_1               (abs)        007E
__Hspace_2               (abs)        0000
__Hspace_3               (abs)        0000
__Hstack                 stack        0000
__Hstrings               strings      0000
__Htext                  text         0000
__Labs1                  abs1         0000
__Lbank0                 bank0        0000
__Lbank1                 bank1        0000
__Lbank2                 bank2        0000
__Lbank3                 bank3        0000
__LbssBANK0              bssBANK0     0000
__Lcinit                 cinit        07E8
__Lclrtext               clrtext      0000
__Lcode                  code         0000
__Lcommon                common       0000
__LcstackBANK0           cstackBANK0  0000
__LcstackCOMMON          cstackCOMMON 0000
__LdataBANK0             dataBANK0    0000
__Leeprom_data           eeprom_data  0000
__Lend_init              end_init     0000
__Lfunctab               functab      0000
__LidataBANK0            idataBANK0   0000
__Linit                  init         0000
__Linittext              inittext     0000
__Lintentry              intentry     0000
__Lmaintext              maintext     0000
__Lpowerup               powerup      0000
__Lram                   ram          0000
__Lreset_vec             reset_vec    0000
__Lsfr0                  sfr0         0000
__Lsfr1                  sfr1         0000
__Lsfr2                  sfr2         0000
__Lsfr3                  sfr3         0000
__Lspace_0               (abs)        0000
__Lspace_1               (abs)        0000
__Lspace_2               (abs)        0000
__Lspace_3               (abs)        0000
__Lstack                 stack        0000
__Lstrings               strings      0000
__Ltext                  text         0000
__S0                     (abs)        0800
__S1                     (abs)        007E
__S2                     (abs)        0000
__S3                     (abs)        0000
___awdiv                 text5        06FD
___awdiv@counter         cstackCOMMON 0075
___awdiv@dividend        cstackCOMMON 0072
___awdiv@divisor         cstackCOMMON 0070
___awdiv@quotient        cstackCOMMON 0077
___awdiv@sign            cstackCOMMON 0076
___awmod                 text4        06A4
___awmod@counter         cstackCOMMON 0075
___awmod@dividend        cstackCOMMON 0072
___awmod@divisor         cstackCOMMON 0070
___awmod@sign            cstackCOMMON 0076
___int_sp                stack        0000
___latbits               (abs)        0002
___sp                    stack        0000
___stackhi               (abs)        0000
___stacklo               (abs)        0000
__end_of___awdiv         text5        0764
__end_of___awmod         text4        06FD
__end_of__initialization cinit        07FC
__end_of_display         text3        06A4
__end_of_forward         text2        0625
__end_of_main            maintext     07E8
__end_of_reverse         text1        065B
__initialization         cinit        07E8
__pbssBANK0              bssBANK0     0034
__pcstackBANK0           cstackBANK0  003A
__pcstackCOMMON          cstackCOMMON 0070
__pdataBANK0             dataBANK0    0020
__pidataBANK0            idataBANK0   05DB
__pmaintext              maintext     0764
__ptext1                 text1        0625
__ptext2                 text2        05EF
__ptext3                 text3        065B
__ptext4                 text4        06A4
__ptext5                 text5        06FD
__size_of___awdiv        (abs)        0000
__size_of___awmod        (abs)        0000
__size_of_display        (abs)        0000
__size_of_forward        (abs)        0000
__size_of_main           (abs)        0000
__size_of_reverse        (abs)        0000
_cc                      dataBANK0    0020
_display                 text3        065B
_flag                    bssBANK0     0034
_forward                 text2        05EF
_i                       bssBANK0     0038
_j                       bssBANK0     0036
_main                    maintext     0764
_reverse                 text1        0625
btemp                    (abs)        007E
display@k                cstackCOMMON 0079
end_of_initialization    cinit        07FC
forward@a                cstackBANK0  003A
forward@b                cstackBANK0  003C
init_fetch0              inittext     05C8
init_ram0                inittext     05CC
intlevel0                functab      0000
intlevel1                functab      0000
intlevel2                functab      0000
intlevel3                functab      0000
intlevel4                functab      0000
intlevel5                functab      0000
reset_vec                reset_vec    0000
reverse@c                cstackBANK0  003A
reverse@d                cstackBANK0  003C
start                    init         0000
start_initialization     cinit        07E8
wtemp0                   (abs)        007E


MODULE INFORMATION

Module		Function		Class		Link	Load	Size
countwise forward and reverse.c
		_display       		CODE           	065B	0000	73
		_main          		CODE           	0764	0000	132
		_forward       		CODE           	05EF	0000	54
		_reverse       		CODE           	0625	0000	54

countwise forward and reverse.c estimated size: 313

C:\Program Files\Microchip\xc8\v2.32\pic\sources\c90\common\awmod.c
		___awmod       		CODE           	06A4	0000	89

C:\Program Files\Microchip\xc8\v2.32\pic\sources\c90\common\awmod.c estimated size: 89

shared
		__initialization		CODE           	07E8	0000	20

shared estimated size: 20

C:\Program Files\Microchip\xc8\v2.32\pic\sources\c90\common\awdiv.c
		___awdiv       		CODE           	06FD	0000	103

C:\Program Files\Microchip\xc8\v2.32\pic\sources\c90\common\awdiv.c estimated size: 103

