Microchip MPLAB XC8 Compiler V2.32

Linker command line:

-W-3 --edf=C:\Program Files\Microchip\xc8\v2.32\pic\dat\en_msgs.txt -cn \
  -h+dist/default/production\TIMER_1_AND_TIMER_2.X.production.sym \
  --cmf=dist/default/production\TIMER_1_AND_TIMER_2.X.production.cmf -z \
  -Q16F887 -oC:\Users\star\AppData\Local\Temp\xcAs8oo.4 \
  --defsym=__MPLAB_BUILD=1 \
  -Mdist/default/production/TIMER_1_AND_TIMER_2.X.production.map -E1 \
  -ver=XC8 Compiler --acfsm=1493 -ASTACK=0110h-016Fh -pstack=STACK \
  -ACODE=00h-07FFhx4 -ASTRCODE=00h-01FFFh -ASTRING=00h-0FFhx32 \
  -ACONST=00h-0FFhx32 -AENTRY=00h-0FFhx32 -ACOMMON=070h-07Fh \
  -ABANK0=020h-06Fh -ABANK1=0A0h-0EFh -ABANK2=0110h-016Fh \
  -ABANK3=0190h-01EFh -ARAM=020h-06Fh,0A0h-0EFh,0110h-016Fh,0190h-01EFh \
  -AABS1=020h-07Fh,0A0h-0EFh,0110h-016Fh,0190h-01EFh -ASFR0=00h-01Fh \
  -ASFR1=080h-09Fh -ASFR2=0100h-010Fh -ASFR3=0180h-018Fh \
  -ACONFIG=02007h-02008h -DCONFIG=2 -AIDLOC=02000h-02003h -DIDLOC=2 \
  -AEEDATA=00h-0FFh/02100h -peeprom_data=EEDATA -DEEDATA=2 -DCODE=2 \
  -DSTRCODE=2 -DSTRING=2 -DCONST=2 -DENTRY=2 \
  -preset_vec=00h,intentry,init,end_init -ppowerup=CODE -pcinit=CODE \
  -pfunctab=ENTRY -k C:\Users\star\AppData\Local\Temp\xcAs8oo.o \
  dist/default/production\TIMER_1_AND_TIMER_2.X.production.o 

Object code version is 3.11

Machine type is 16F887



                Name                               Link     Load   Length Selector   Space Scale
C:\Users\star\AppData\Local\Temp\xcAs8oo.o
                end_init                              0        0        3        0       0
dist/default/production\TIMER_1_AND_TIMER_2.X.production.o
                cinit                               7E8      7E8       18      FD0       0
                text7                               423      423        7      846       0
                text6                               451      451       29      8A2       0
                text5                               528      528       69      A50       0
                text4                               4CF      4CF       59      99E       0
                text3                               591      591       80      B22       0
                text2                               6C5      6C5      123      D8A       0
                text1                               611      611       B4      C22       0
                maintext                            47A      47A       55      8F4       0
                cstackBANK0                          20       20       18       20       1
                cstackCOMMON                         70       70        E       70       1
                inittext                            42A      42A       13      854       0
                dataBANK0                            38       38       14       20       1
                bssBANK0                             4C       4C        6       20       1
                idataBANK0                          43D      43D       14      87A       0

TOTAL           Name                               Link     Load   Length     Space
        CLASS   STACK          

        CLASS   CODE           
                end_init                              0        0        3         0
                cinit                               7E8      7E8       18         0
                text7                               423      423        7         0
                text6                               451      451       29         0
                text5                               528      528       69         0
                text4                               4CF      4CF       59         0
                text3                               591      591       80         0
                text2                               6C5      6C5      123         0
                text1                               611      611       B4         0
                maintext                            47A      47A       55         0
                inittext                            42A      42A       13         0
                idataBANK0                          43D      43D       14         0

        CLASS   STRCODE        

        CLASS   STRING         

        CLASS   CONST          

        CLASS   ENTRY          

        CLASS   COMMON         
                cstackCOMMON                         70       70        E         1

        CLASS   BANK0          
                cstackBANK0                          20       20       18         1
                dataBANK0                            38       38       14         1
                bssBANK0                             4C       4C        6         1

        CLASS   BANK1          

        CLASS   BANK2          

        CLASS   BANK3          

        CLASS   RAM            

        CLASS   ABS1           
                abs_s1                               7E       7E        2         1

        CLASS   SFR0           

        CLASS   SFR1           

        CLASS   SFR2           

        CLASS   SFR3           

        CLASS   CONFIG         

        CLASS   IDLOC          

        CLASS   EEDATA         



SEGMENTS        Name                           Load    Length   Top    Selector   Space  Class     Delta

                reset_vec                      000000  000003  000003         0       0  CODE        2
                cstackBANK0                    000020  000032  000052        20       1  BANK0       1
                cstackCOMMON                   000070  00000E  00007E        70       1  COMMON      1
                text7                          000423  000007  00042A       846       0  CODE        2
                inittext                       00042A  000013  00043D       854       0  CODE        2
                idataBANK0                     00043D  000014  000451       87A       0  CODE        2
                text6                          000451  000029  00047A       8A2       0  CODE        2
                maintext                       00047A  000055  0004CF       8F4       0  CODE        2
                text4                          0004CF  000059  000528       99E       0  CODE        2
                text5                          000528  000069  000591       A50       0  CODE        2
                text3                          000591  000080  000611       B22       0  CODE        2
                text1                          000611  0000B4  0006C5       C22       0  CODE        2
                text2                          0006C5  000123  0007E8       D8A       0  CODE        2
                cinit                          0007E8  000018  000800       FD0       0  CODE        2


UNUSED ADDRESS RANGES

        Name                Unused          Largest block    Delta
        BANK0            0052-006F             1E           1
        BANK1            00A0-00EF             50           1
        BANK2            0110-016F             60           1
        BANK3            0190-01EF             60           1
        CODE             0003-0422            420           2
                         0800-1FFF            800
        CONFIG           2007-2008              2           2
        CONST            0003-0422            100           2
                         0800-1FFF            100
        EEDATA           2100-21FF            100           2
        ENTRY            0003-0422            100           2
                         0800-1FFF            100
        IDLOC            2000-2003              4           2
        RAM              0052-006F             1E           1
                         00A0-00EF             50
                         0110-016F             60
                         0190-01EF             60
        SFR0             0000-001F             20           1
        SFR1             0080-009F             20           1
        SFR2             0100-010F             10           1
        SFR3             0180-018F             10           1
        STACK            0110-016F             60           1
        STRCODE          0003-0422            420           2
                         0800-1FFF           1800
        STRING           0003-0422            100           2
                         0800-1FFF            100

                                  Symbol Table

?___awdiv                cstackCOMMON 0077
?___awmod                cstackCOMMON 0070
LCD@g                    cstackCOMMON 0070
LCD@h                    cstackCOMMON 0072
_ANSEL                   (abs)        0188
_ANSELH                  (abs)        0189
_LCD                     text6        0451
_PORTA                   (abs)        0005
_PORTB                   (abs)        0006
_PORTC                   (abs)        0007
_PORTD                   (abs)        0008
_RA2                     (abs)        002A
_RA3                     (abs)        002B
_RA4                     (abs)        002C
_RA5                     (abs)        002D
_RA6                     (abs)        002E
_RA7                     (abs)        002F
_RC5                     (abs)        003D
_RC6                     (abs)        003E
_RC7                     (abs)        003F
_RD4                     (abs)        0044
_T1CON                   (abs)        0010
_T2CON                   (abs)        0012
_TMR1                    (abs)        000E
_TMR1IF                  (abs)        0060
_TMR2                    (abs)        0011
_TMR2IF                  (abs)        0061
_TRISA                   (abs)        0085
_TRISB                   (abs)        0086
_TRISC                   (abs)        0087
_TRISD                   (abs)        0088
__Habs1                  abs1         0000
__Hbank0                 bank0        0000
__Hbank1                 bank1        0000
__Hbank2                 bank2        0000
__Hbank3                 bank3        0000
__HbssBANK0              bssBANK0     0000
__Hcinit                 cinit        0800
__Hclrtext               clrtext      0000
__Hcode                  code         0000
__Hcommon                common       0000
__HcstackBANK0           cstackBANK0  0000
__HcstackCOMMON          cstackCOMMON 0000
__HdataBANK0             dataBANK0    0000
__Heeprom_data           eeprom_data  0000
__Hend_init              end_init     0003
__Hfunctab               functab      0000
__HidataBANK0            idataBANK0   0000
__Hinit                  init         0000
__Hinittext              inittext     0000
__Hintentry              intentry     0000
__Hmaintext              maintext     0000
__Hpowerup               powerup      0000
__Hram                   ram          0000
__Hreset_vec             reset_vec    0000
__Hsfr0                  sfr0         0000
__Hsfr1                  sfr1         0000
__Hsfr2                  sfr2         0000
__Hsfr3                  sfr3         0000
__Hspace_0               (abs)        0800
__Hspace_1               (abs)        007E
__Hspace_2               (abs)        0000
__Hspace_3               (abs)        0000
__Hstack                 stack        0000
__Hstrings               strings      0000
__Htext                  text         0000
__Labs1                  abs1         0000
__Lbank0                 bank0        0000
__Lbank1                 bank1        0000
__Lbank2                 bank2        0000
__Lbank3                 bank3        0000
__LbssBANK0              bssBANK0     0000
__Lcinit                 cinit        07E8
__Lclrtext               clrtext      0000
__Lcode                  code         0000
__Lcommon                common       0000
__LcstackBANK0           cstackBANK0  0000
__LcstackCOMMON          cstackCOMMON 0000
__LdataBANK0             dataBANK0    0000
__Leeprom_data           eeprom_data  0000
__Lend_init              end_init     0000
__Lfunctab               functab      0000
__LidataBANK0            idataBANK0   0000
__Linit                  init         0000
__Linittext              inittext     0000
__Lintentry              intentry     0000
__Lmaintext              maintext     0000
__Lpowerup               powerup      0000
__Lram                   ram          0000
__Lreset_vec             reset_vec    0000
__Lsfr0                  sfr0         0000
__Lsfr1                  sfr1         0000
__Lsfr2                  sfr2         0000
__Lsfr3                  sfr3         0000
__Lspace_0               (abs)        0000
__Lspace_1               (abs)        0000
__Lspace_2               (abs)        0000
__Lspace_3               (abs)        0000
__Lstack                 stack        0000
__Lstrings               strings      0000
__Ltext                  text         0000
__S0                     (abs)        0800
__S1                     (abs)        007E
__S2                     (abs)        0000
__S3                     (abs)        0000
___awdiv                 text5        0528
___awdiv@counter         cstackBANK0  0020
___awdiv@dividend        cstackCOMMON 0079
___awdiv@divisor         cstackCOMMON 0077
___awdiv@quotient        cstackBANK0  0022
___awdiv@sign            cstackBANK0  0021
___awmod                 text4        04CF
___awmod@counter         cstackCOMMON 0075
___awmod@dividend        cstackCOMMON 0072
___awmod@divisor         cstackCOMMON 0070
___awmod@sign            cstackCOMMON 0076
___int_sp                stack        0000
___latbits               (abs)        0002
___sp                    stack        0000
___stackhi               (abs)        0000
___stacklo               (abs)        0000
__end_of_LCD             text6        047A
__end_of___awdiv         text5        0591
__end_of___awmod         text4        0528
__end_of__initialization cinit        07FC
__end_of_display         text3        0611
__end_of_main            maintext     04CF
__end_of_pulse           text7        042A
__end_of_seg             text2        07E8
__end_of_timer1          text1        06C5
__initialization         cinit        07E8
__pbssBANK0              bssBANK0     004C
__pcstackBANK0           cstackBANK0  0020
__pcstackCOMMON          cstackCOMMON 0070
__pdataBANK0             dataBANK0    0038
__pidataBANK0            idataBANK0   043D
__pmaintext              maintext     047A
__ptext1                 text1        0611
__ptext2                 text2        06C5
__ptext3                 text3        0591
__ptext4                 text4        04CF
__ptext5                 text5        0528
__ptext6                 text6        0451
__ptext7                 text7        0423
__size_of_LCD            (abs)        0000
__size_of___awdiv        (abs)        0000
__size_of___awmod        (abs)        0000
__size_of_display        (abs)        0000
__size_of_main           (abs)        0000
__size_of_pulse          (abs)        0000
__size_of_seg            (abs)        0000
__size_of_timer1         (abs)        0000
_cc                      dataBANK0    0038
_count1                  bssBANK0     004E
_count2                  bssBANK0     004C
_ct                      bssBANK0     0050
_display                 text3        0591
_main                    maintext     047A
_pulse                   text7        0423
_seg                     text2        06C5
_timer1                  text1        0611
btemp                    (abs)        007E
display@a                cstackBANK0  0026
display@b                cstackBANK0  0028
display@c                cstackBANK0  002A
display@k                cstackBANK0  0024
end_of_initialization    cinit        07FC
init_fetch0              inittext     042A
init_ram0                inittext     042E
intlevel0                functab      0000
intlevel1                functab      0000
intlevel2                functab      0000
intlevel3                functab      0000
intlevel4                functab      0000
intlevel5                functab      0000
reset_vec                reset_vec    0000
seg@a                    cstackBANK0  002E
seg@b                    cstackBANK0  0030
seg@c                    cstackBANK0  0024
seg@d                    cstackBANK0  0032
seg@s                    cstackBANK0  0026
seg@x                    cstackBANK0  0028
seg@y                    cstackBANK0  002A
seg@z                    cstackBANK0  002C
start                    init         0000
start_initialization     cinit        07E8
timer1@cnt               cstackBANK0  0034
timer1@cnt1              cstackBANK0  0036
wtemp0                   (abs)        007E


MODULE INFORMATION

Module		Function		Class		Link	Load	Size
TIMER 1 AND TIMER 2.c
		_display       		CODE           	0591	0000	128
		_LCD           		CODE           	0451	0000	41
		_main          		CODE           	047A	0000	85
		_timer1        		CODE           	0611	0000	180
		_pulse         		CODE           	0423	0000	7
		_seg           		CODE           	06C5	0000	291

TIMER 1 AND TIMER 2.c estimated size: 732

C:\Program Files\Microchip\xc8\v2.32\pic\sources\c90\common\awmod.c
		___awmod       		CODE           	04CF	0000	89

C:\Program Files\Microchip\xc8\v2.32\pic\sources\c90\common\awmod.c estimated size: 89

shared
		__initialization		CODE           	07E8	0000	20

shared estimated size: 20

C:\Program Files\Microchip\xc8\v2.32\pic\sources\c90\common\awdiv.c
		___awdiv       		CODE           	0528	0000	105

C:\Program Files\Microchip\xc8\v2.32\pic\sources\c90\common\awdiv.c estimated size: 105

