Microchip MPLAB XC8 Compiler V2.32

Linker command line:

-W-3 --edf=C:\Program Files\Microchip\xc8\v2.32\pic\dat\en_msgs.txt -cn \
  -h+dist/default/production\ATM.X.production.sym \
  --cmf=dist/default/production\ATM.X.production.cmf -z -Q16F887 \
  -oC:\Users\star\AppData\Local\Temp\xcAsado.4 --defsym=__MPLAB_BUILD=1 \
  -Mdist/default/production/ATM.X.production.map -E1 -ver=XC8 Compiler \
  --acfsm=1493 -ASTACK=0110h-016Fh -pstack=STACK -ACODE=00h-07FFhx4 \
  -ASTRCODE=00h-01FFFh -ASTRING=00h-0FFhx32 -ACONST=00h-0FFhx32 \
  -AENTRY=00h-0FFhx32 -ACOMMON=070h-07Fh -ABANK0=020h-06Fh \
  -ABANK1=0A0h-0EFh -ABANK2=0110h-016Fh -ABANK3=0190h-01EFh \
  -ARAM=020h-06Fh,0A0h-0EFh,0110h-016Fh,0190h-01EFh \
  -AABS1=020h-07Fh,0A0h-0EFh,0110h-016Fh,0190h-01EFh -ASFR0=00h-01Fh \
  -ASFR1=080h-09Fh -ASFR2=0100h-010Fh -ASFR3=0180h-018Fh \
  -ACONFIG=02007h-02008h -DCONFIG=2 -AIDLOC=02000h-02003h -DIDLOC=2 \
  -AEEDATA=00h-0FFh/02100h -peeprom_data=EEDATA -DEEDATA=2 -DCODE=2 \
  -DSTRCODE=2 -DSTRING=2 -DCONST=2 -DENTRY=2 \
  -preset_vec=00h,intentry,init,end_init -ppowerup=CODE -pcinit=CODE \
  -pfunctab=ENTRY -k C:\Users\star\AppData\Local\Temp\xcAsado.o \
  dist/default/production\ATM.X.production.o 

Object code version is 3.11

Machine type is 16F887



                Name                               Link     Load   Length Selector   Space Scale
C:\Users\star\AppData\Local\Temp\xcAsado.o
                end_init                              0        0        3        0       0
dist/default/production\ATM.X.production.o
                cinit                               7E8      7E8       18      FD0       0
                text6                               590      590       19      B20       0
                text5                               5CE      5CE       26      B9C       0
                text4                               564      564       14      AC8       0
                text3                               5A9      5A9       25      B52       0
                text2                               6FC      6FC       EC      DF8       0
                text1                               5F4      5F4       62      BE8       0
                maintext                            656      656       A6      CAC       0
                cstackBANK0                          3E       3E        1       20       1
                cstackCOMMON                         70       70        E       70       1
                inittext                            551      551       13      AA2       0
                dataBANK0                            20       20       18       20       1
                bssBANK0                             38       38        6       20       1
                strings                               3        3       49        6       0
                idataBANK0                          578      578       18      AF0       0

TOTAL           Name                               Link     Load   Length     Space
        CLASS   STACK          

        CLASS   CODE           
                end_init                              0        0        3         0
                cinit                               7E8      7E8       18         0
                text6                               590      590       19         0
                text5                               5CE      5CE       26         0
                text4                               564      564       14         0
                text3                               5A9      5A9       25         0
                text2                               6FC      6FC       EC         0
                text1                               5F4      5F4       62         0
                maintext                            656      656       A6         0
                inittext                            551      551       13         0
                idataBANK0                          578      578       18         0

        CLASS   STRCODE        

        CLASS   STRING         
                strings                               3        3       49         0

        CLASS   CONST          

        CLASS   ENTRY          

        CLASS   COMMON         
                cstackCOMMON                         70       70        E         1

        CLASS   BANK0          
                cstackBANK0                          3E       3E        1         1
                dataBANK0                            20       20       18         1
                bssBANK0                             38       38        6         1

        CLASS   BANK1          

        CLASS   BANK2          

        CLASS   BANK3          

        CLASS   RAM            

        CLASS   ABS1           
                abs_s1                               7E       7E        2         1

        CLASS   SFR0           

        CLASS   SFR1           

        CLASS   SFR2           

        CLASS   SFR3           

        CLASS   CONFIG         

        CLASS   IDLOC          

        CLASS   EEDATA         



SEGMENTS        Name                           Load    Length   Top    Selector   Space  Class     Delta

                reset_vec                      000000  000003  000003         0       0  CODE        2
                strings                        000003  000049  00004C         6       0  STRING      2
                dataBANK0                      000020  00001F  00003F        20       1  BANK0       1
                cstackCOMMON                   000070  00000E  00007E        70       1  COMMON      1
                inittext                       000551  000013  000564       AA2       0  CODE        2
                text4                          000564  000014  000578       AC8       0  CODE        2
                idataBANK0                     000578  000018  000590       AF0       0  CODE        2
                text6                          000590  000019  0005A9       B20       0  CODE        2
                text3                          0005A9  000025  0005CE       B52       0  CODE        2
                text5                          0005CE  000026  0005F4       B9C       0  CODE        2
                text1                          0005F4  000062  000656       BE8       0  CODE        2
                maintext                       000656  0000A6  0006FC       CAC       0  CODE        2
                text2                          0006FC  0000EC  0007E8       DF8       0  CODE        2
                cinit                          0007E8  000018  000800       FD0       0  CODE        2


UNUSED ADDRESS RANGES

        Name                Unused          Largest block    Delta
        BANK0            003F-006F             31           1
        BANK1            00A0-00EF             50           1
        BANK2            0110-016F             60           1
        BANK3            0190-01EF             60           1
        CODE             004C-0550            505           2
                         0800-1FFF            800
        CONFIG           2007-2008              2           2
        CONST            004C-0550            100           2
                         0800-1FFF            100
        EEDATA           2100-21FF            100           2
        ENTRY            004C-0550            100           2
                         0800-1FFF            100
        IDLOC            2000-2003              4           2
        RAM              003F-006F             31           1
                         00A0-00EF             50
                         0110-016F             60
                         0190-01EF             60
        SFR0             0000-001F             20           1
        SFR1             0080-009F             20           1
        SFR2             0100-010F             10           1
        SFR3             0180-018F             10           1
        STACK            0110-016F             60           1
        STRCODE          004C-0550            505           2
                         0800-1FFF           1800
        STRING           004C-0550            100           2
                         0800-1FFF            100

                                  Symbol Table

?___wmul                 cstackCOMMON 0070
LCD@g                    cstackCOMMON 0073
LCD@h                    cstackCOMMON 0072
LCD_s@g                  cstackCOMMON 0073
_ANSEL                   (abs)        0188
_ANSELH                  (abs)        0189
_LCD                     text4        0564
_LCD_s                   text5        05CE
_PORTA                   (abs)        0005
_PORTC                   (abs)        0007
_PORTD                   (abs)        0008
_RA0                     (abs)        0028
_RA1                     (abs)        0029
_RA2                     (abs)        002A
_RD0                     (abs)        0040
_RD1                     (abs)        0041
_RD2                     (abs)        0042
_RD3                     (abs)        0043
_RD4                     (abs)        0044
_RD5                     (abs)        0045
_RD6                     (abs)        0046
_T                       bssBANK0     003A
_TRISA                   (abs)        0085
_TRISC                   (abs)        0087
_TRISD                   (abs)        0088
__Habs1                  abs1         0000
__Hbank0                 bank0        0000
__Hbank1                 bank1        0000
__Hbank2                 bank2        0000
__Hbank3                 bank3        0000
__HbssBANK0              bssBANK0     0000
__Hcinit                 cinit        0800
__Hclrtext               clrtext      0000
__Hcode                  code         0000
__Hcommon                common       0000
__HcstackBANK0           cstackBANK0  0000
__HcstackCOMMON          cstackCOMMON 0000
__HdataBANK0             dataBANK0    0000
__Heeprom_data           eeprom_data  0000
__Hend_init              end_init     0003
__Hfunctab               functab      0000
__HidataBANK0            idataBANK0   0000
__Hinit                  init         0000
__Hinittext              inittext     0000
__Hintentry              intentry     0000
__Hmaintext              maintext     0000
__Hpowerup               powerup      0000
__Hram                   ram          0000
__Hreset_vec             reset_vec    0000
__Hsfr0                  sfr0         0000
__Hsfr1                  sfr1         0000
__Hsfr2                  sfr2         0000
__Hsfr3                  sfr3         0000
__Hspace_0               (abs)        0800
__Hspace_1               (abs)        007E
__Hspace_2               (abs)        0000
__Hspace_3               (abs)        0000
__Hstack                 stack        0000
__Hstrings               strings      0000
__Htext                  text         0000
__Labs1                  abs1         0000
__Lbank0                 bank0        0000
__Lbank1                 bank1        0000
__Lbank2                 bank2        0000
__Lbank3                 bank3        0000
__LbssBANK0              bssBANK0     0000
__Lcinit                 cinit        07E8
__Lclrtext               clrtext      0000
__Lcode                  code         0000
__Lcommon                common       0000
__LcstackBANK0           cstackBANK0  0000
__LcstackCOMMON          cstackCOMMON 0000
__LdataBANK0             dataBANK0    0000
__Leeprom_data           eeprom_data  0000
__Lend_init              end_init     0000
__Lfunctab               functab      0000
__LidataBANK0            idataBANK0   0000
__Linit                  init         0000
__Linittext              inittext     0000
__Lintentry              intentry     0000
__Lmaintext              maintext     0000
__Lpowerup               powerup      0000
__Lram                   ram          0000
__Lreset_vec             reset_vec    0000
__Lsfr0                  sfr0         0000
__Lsfr1                  sfr1         0000
__Lsfr2                  sfr2         0000
__Lsfr3                  sfr3         0000
__Lspace_0               (abs)        0000
__Lspace_1               (abs)        0000
__Lspace_2               (abs)        0000
__Lspace_3               (abs)        0000
__Lstack                 stack        0000
__Lstrings               strings      0000
__Ltext                  text         0000
__S0                     (abs)        0800
__S1                     (abs)        007E
__S2                     (abs)        0000
__S3                     (abs)        0000
___int_sp                stack        0000
___latbits               (abs)        0002
___sp                    stack        0000
___stackhi               (abs)        0000
___stacklo               (abs)        0000
___wmul                  text3        05A9
___wmul@multiplicand     cstackCOMMON 0072
___wmul@multiplier       cstackCOMMON 0070
___wmul@product          cstackCOMMON 0074
__end_of_LCD             text4        0578
__end_of_LCD_s           text5        05F4
__end_of___wmul          text3        05CE
__end_of__initialization cinit        07FC
__end_of__stringtab      strings      0009
__end_of_key             text1        0656
__end_of_keypad          text2        07E8
__end_of_main            maintext     06FC
__end_of_pulse           text6        05A9
__initialization         cinit        07E8
__pbssBANK0              bssBANK0     0038
__pcstackBANK0           cstackBANK0  003E
__pcstackCOMMON          cstackCOMMON 0070
__pdataBANK0             dataBANK0    0020
__pidataBANK0            idataBANK0   0578
__pmaintext              maintext     0656
__pstrings               strings      0003
__ptext1                 text1        05F4
__ptext2                 text2        06FC
__ptext3                 text3        05A9
__ptext4                 text4        0564
__ptext5                 text5        05CE
__ptext6                 text6        0590
__size_of_LCD            (abs)        0000
__size_of_LCD_s          (abs)        0000
__size_of___wmul         (abs)        0000
__size_of_key            (abs)        0000
__size_of_keypad         (abs)        0000
__size_of_main           (abs)        0000
__size_of_pulse          (abs)        0000
__stringbase             strings      0008
__stringtab              strings      0003
_g                       bssBANK0     0038
_key                     text1        05F4
_keypad                  text2        06FC
_main                    maintext     0656
_num                     dataBANK0    0020
_pulse                   text6        0590
btemp                    (abs)        007E
end_of_initialization    cinit        07FC
init_fetch0              inittext     0551
init_ram0                inittext     0555
intlevel0                functab      0000
intlevel1                functab      0000
intlevel2                functab      0000
intlevel3                functab      0000
intlevel4                functab      0000
intlevel5                functab      0000
keypad@a                 cstackCOMMON 0076
keypad@b                 cstackCOMMON 0078
keypad@c                 cstackCOMMON 007A
keypad@d                 cstackCOMMON 007C
reset_vec                reset_vec    0000
start                    init         0000
start_initialization     cinit        07E8
wtemp0                   (abs)        007E


MODULE INFORMATION

Module		Function		Class		Link	Load	Size
shared
		__stringtab    		STRING         	0003	0000	6
		__initialization		CODE           	07E8	0000	20

shared estimated size: 26

ATM LCD.c
		_LCD_s         		CODE           	05CE	0000	38
		_LCD           		CODE           	0564	0000	20
		_main          		CODE           	0656	0000	166
		_keypad        		CODE           	06FC	0000	236
		_key           		CODE           	05F4	0000	98
		_pulse         		CODE           	0590	0000	25

ATM LCD.c estimated size: 583

C:\Program Files\Microchip\xc8\v2.32\pic\sources\c90\common\Umul16.c
		___wmul        		CODE           	05A9	0000	37

C:\Program Files\Microchip\xc8\v2.32\pic\sources\c90\common\Umul16.c estimated size: 37

