Microchip MPLAB XC8 Compiler V2.32

Linker command line:

-W-3 --edf=C:\Program Files\Microchip\xc8\v2.32\pic\dat\en_msgs.txt -cn \
  -h+dist/default/production\INTERRUPT_TIMER.X.production.sym \
  --cmf=dist/default/production\INTERRUPT_TIMER.X.production.cmf -z \
  -Q16F887 -oC:\Users\star\AppData\Local\Temp\xcAs50k.4 \
  --defsym=__MPLAB_BUILD=1 \
  -Mdist/default/production/INTERRUPT_TIMER.X.production.map -E1 \
  -ver=XC8 Compiler --acfsm=1493 -ASTACK=0110h-016Fh -pstack=STACK \
  -ACODE=00h-07FFhx4 -ASTRCODE=00h-01FFFh -ASTRING=00h-0FFhx32 \
  -ACONST=00h-0FFhx32 -AENTRY=00h-0FFhx32 -ACOMMON=070h-07Fh \
  -ABANK0=020h-06Fh -ABANK1=0A0h-0EFh -ABANK2=0110h-016Fh \
  -ABANK3=0190h-01EFh -ARAM=020h-06Fh,0A0h-0EFh,0110h-016Fh,0190h-01EFh \
  -AABS1=020h-07Fh,0A0h-0EFh,0110h-016Fh,0190h-01EFh -ASFR0=00h-01Fh \
  -ASFR1=080h-09Fh -ASFR2=0100h-010Fh -ASFR3=0180h-018Fh \
  -ACONFIG=02007h-02008h -DCONFIG=2 -AIDLOC=02000h-02003h -DIDLOC=2 \
  -AEEDATA=00h-0FFh/02100h -peeprom_data=EEDATA -DEEDATA=2 -DCODE=2 \
  -DSTRCODE=2 -DSTRING=2 -DCONST=2 -DENTRY=2 \
  -preset_vec=00h,intentry=04h,init,end_init -ppowerup=CODE -pcinit=CODE \
  -pfunctab=ENTRY -k C:\Users\star\AppData\Local\Temp\xcAs50k.o \
  dist/default/production\INTERRUPT_TIMER.X.production.o 

Object code version is 3.11

Machine type is 16F887



                Name                               Link     Load   Length Selector   Space Scale
C:\Users\star\AppData\Local\Temp\xcAs50k.o
                end_init                             10       10        3        8       0
                reset_vec                             0        0        3        0       0
dist/default/production\INTERRUPT_TIMER.X.production.o
                cinit                                13       13        A        8       0
                intentry                              4        4        C        8       0
                text12                              443      443       11        8       0
                text11                              405      405       29        8       0
                text10                              21E      21E       69        8       0
                text9                               2E2      2E2       59        8       0
                text8                               135      135       80        8       0
                text7                               33B      33B       55        8       0
                text6                               42E      42E       15        8       0
                text5                               3DA      3DA       2B        8       0
                text4                               1B5      1B5       69        8       0
                text3                               287      287       5B        8       0
                text2                                B3       B3       82        8       0
                text1                                1D       1D       96        8       0
                maintext                            390      390       4A        8       0
                cstackBANK0                          20       20       27       20       1
                cstackCOMMON                         70       70        C       70       1
                bssBANK0                             47       47        4       20       1

TOTAL           Name                               Link     Load   Length     Space
        CLASS   STACK          

        CLASS   CODE           
                end_init                             10       10        3         0
                cinit                                13       13        A         0
                intentry                              4        4        C         0
                reset_vec                             0        0        3         0
                text12                              443      443       11         0
                text11                              405      405       29         0
                text10                              21E      21E       69         0
                text9                               2E2      2E2       59         0
                text8                               135      135       80         0
                text7                               33B      33B       55         0
                text6                               42E      42E       15         0
                text5                               3DA      3DA       2B         0
                text4                               1B5      1B5       69         0
                text3                               287      287       5B         0
                text2                                B3       B3       82         0
                text1                                1D       1D       96         0
                maintext                            390      390       4A         0

        CLASS   STRCODE        

        CLASS   STRING         

        CLASS   CONST          

        CLASS   ENTRY          

        CLASS   COMMON         
                cstackCOMMON                         70       70        C         1

        CLASS   BANK0          
                cstackBANK0                          20       20       27         1
                bssBANK0                             47       47        4         1

        CLASS   BANK1          

        CLASS   BANK2          

        CLASS   BANK3          

        CLASS   RAM            

        CLASS   ABS1           
                abs_s1                               7E       7E        2         1

        CLASS   SFR0           

        CLASS   SFR1           

        CLASS   SFR2           

        CLASS   SFR3           

        CLASS   CONFIG         

        CLASS   IDLOC          

        CLASS   EEDATA         



SEGMENTS        Name                           Load    Length   Top    Selector   Space  Class     Delta

                reset_vec                      000000  000003  000003         0       0  CODE        2
                intentry                       000004  000450  000454         8       0  CODE        2
                cstackBANK0                    000020  00002B  00004B        20       1  BANK0       1
                cstackCOMMON                   000070  00000C  00007C        70       1  COMMON      1


UNUSED ADDRESS RANGES

        Name                Unused          Largest block    Delta
        BANK0            04B-06F            25           1
        BANK1            0A0-0EF            50           1
        BANK2            110-16F            60           1
        BANK3            190-1EF            60           1
        CODE             003-003             1           2
                         454-1FFF           800
        COMMON           07C-07D             2           1
        CONFIG           2007-2008             2           2
        CONST            003-003             1           2
                         454-1FFF           100
        EEDATA           2100-21FF           100           2
        ENTRY            003-003             1           2
                         454-1FFF           100
        IDLOC            2000-2003             4           2
        RAM              04B-06F            25           1
                         0A0-0EF            50
                         110-16F            60
                         190-1EF            60
        SFR0             000-01F            20           1
        SFR1             080-09F            20           1
        SFR2             100-10F            10           1
        SFR3             180-18F            10           1
        STACK            110-16F            60           1
        STRCODE          003-003             1           2
                         454-1FFF          1BAC
        STRING           003-003             1           2
                         454-1FFF           100

                                  Symbol Table

?___awdiv                cstackBANK0  036
?___awmod                cstackBANK0  02F
?i1___awdiv              cstackCOMMON 077
?i1___awmod              cstackCOMMON 070
LCD@g                    cstackBANK0  030
LCD@h                    cstackBANK0  032
_GIE                     (abs)        05F
_LCD                     text5        3DA
_PEIE                    (abs)        05E
_PORTC                   (abs)        007
_PORTD                   (abs)        008
_RC0                     (abs)        038
_RC1                     (abs)        039
_RC5                     (abs)        03D
_RC6                     (abs)        03E
_RC7                     (abs)        03F
_RD5                     (abs)        045
_RD6                     (abs)        046
_T1CON                   (abs)        010
_TMR1                    (abs)        00E
_TMR1IE                  (abs)        460
_TMR1IF                  (abs)        060
_TRISC                   (abs)        087
_TRISD                   (abs)        088
__Habs1                  abs1         000
__Hbank0                 bank0        000
__Hbank1                 bank1        000
__Hbank2                 bank2        000
__Hbank3                 bank3        000
__HbssBANK0              bssBANK0     000
__Hcinit                 cinit        01D
__Hclrtext               clrtext      000
__Hcode                  code         000
__Hcommon                common       000
__HcstackBANK0           cstackBANK0  000
__HcstackCOMMON          cstackCOMMON 000
__Heeprom_data           eeprom_data  000
__Hend_init              end_init     013
__Hfunctab               functab      000
__Hinit                  init         010
__Hintentry              intentry     010
__Hmaintext              maintext     000
__Hpowerup               powerup      000
__Hram                   ram          000
__Hreset_vec             reset_vec    003
__Hsfr0                  sfr0         000
__Hsfr1                  sfr1         000
__Hsfr2                  sfr2         000
__Hsfr3                  sfr3         000
__Hspace_0               (abs)        454
__Hspace_1               (abs)        07C
__Hspace_2               (abs)        000
__Hspace_3               (abs)        000
__Hstack                 stack        000
__Hstrings               strings      000
__Htext                  text         000
__Labs1                  abs1         000
__Lbank0                 bank0        000
__Lbank1                 bank1        000
__Lbank2                 bank2        000
__Lbank3                 bank3        000
__LbssBANK0              bssBANK0     000
__Lcinit                 cinit        013
__Lclrtext               clrtext      000
__Lcode                  code         000
__Lcommon                common       000
__LcstackBANK0           cstackBANK0  000
__LcstackCOMMON          cstackCOMMON 000
__Leeprom_data           eeprom_data  000
__Lend_init              end_init     010
__Lfunctab               functab      000
__Linit                  init         010
__Lintentry              intentry     004
__Lmaintext              maintext     000
__Lpowerup               powerup      000
__Lram                   ram          000
__Lreset_vec             reset_vec    000
__Lsfr0                  sfr0         000
__Lsfr1                  sfr1         000
__Lsfr2                  sfr2         000
__Lsfr3                  sfr3         000
__Lspace_0               (abs)        000
__Lspace_1               (abs)        000
__Lspace_2               (abs)        000
__Lspace_3               (abs)        000
__Lstack                 stack        000
__Lstrings               strings      000
__Ltext                  text         000
__S0                     (abs)        454
__S1                     (abs)        07C
__S2                     (abs)        000
__S3                     (abs)        000
___awdiv                 text4        1B5
___awdiv@counter         cstackBANK0  03B
___awdiv@dividend        cstackBANK0  038
___awdiv@divisor         cstackBANK0  036
___awdiv@quotient        cstackBANK0  03D
___awdiv@sign            cstackBANK0  03C
___awmod                 text3        287
___awmod@counter         cstackBANK0  034
___awmod@dividend        cstackBANK0  031
___awmod@divisor         cstackBANK0  02F
___awmod@sign            cstackBANK0  035
___int_sp                stack        000
___latbits               (abs)        002
___sp                    stack        000
___stackhi               (abs)        000
___stacklo               (abs)        000
__end_of_LCD             text5        405
__end_of___awdiv         text4        21E
__end_of___awmod         text3        2E2
__end_of__initialization cinit        019
__end_of_display         text2        135
__end_of_main            maintext     3DA
__end_of_pulse           text6        443
__end_of_timer           text1        0B3
__end_of_timer1_int      text7        390
__end_ofi1_LCD           text11       42E
__end_ofi1___awdiv       text10       287
__end_ofi1___awmod       text9        33B
__end_ofi1_display       text8        1B5
__end_ofi1_pulse         text12       454
__initialization         cinit        013
__pbssBANK0              bssBANK0     047
__pcstackBANK0           cstackBANK0  020
__pcstackCOMMON          cstackCOMMON 070
__pintentry              intentry     004
__pmaintext              maintext     390
__ptext1                 text1        01D
__ptext10                text10       21E
__ptext11                text11       405
__ptext12                text12       443
__ptext2                 text2        0B3
__ptext3                 text3        287
__ptext4                 text4        1B5
__ptext5                 text5        3DA
__ptext6                 text6        42E
__ptext7                 text7        33B
__ptext8                 text8        135
__ptext9                 text9        2E2
__size_of_LCD            (abs)        000
__size_of___awdiv        (abs)        000
__size_of___awmod        (abs)        000
__size_of_display        (abs)        000
__size_of_main           (abs)        000
__size_of_pulse          (abs)        000
__size_of_timer          (abs)        000
__size_of_timer1_int     (abs)        000
__size_ofi1_LCD          (abs)        000
__size_ofi1___awdiv      (abs)        000
__size_ofi1___awmod      (abs)        000
__size_ofi1_display      (abs)        000
__size_ofi1_pulse        (abs)        000
_cnt                     bssBANK0     049
_display                 text2        0B3
_main                    maintext     390
_pulse                   text6        42E
_sec                     bssBANK0     047
_timer                   text1        01D
_timer1_int              text7        33B
btemp                    (abs)        07E
display@a                cstackBANK0  041
display@b                cstackBANK0  043
display@c                cstackBANK0  045
display@k                cstackBANK0  03F
end_of_initialization    cinit        019
i1LCD@g                  cstackCOMMON 071
i1LCD@h                  cstackCOMMON 073
i1_LCD                   text11       405
i1___awdiv               text10       21E
i1___awdiv@counter       cstackBANK0  020
i1___awdiv@dividend      cstackCOMMON 079
i1___awdiv@divisor       cstackCOMMON 077
i1___awdiv@quotient      cstackBANK0  022
i1___awdiv@sign          cstackBANK0  021
i1___awmod               text9        2E2
i1___awmod@counter       cstackCOMMON 075
i1___awmod@dividend      cstackCOMMON 072
i1___awmod@divisor       cstackCOMMON 070
i1___awmod@sign          cstackCOMMON 076
i1_display               text8        135
i1_pulse                 text12       443
i1display@a              cstackBANK0  026
i1display@b              cstackBANK0  028
i1display@c              cstackBANK0  02A
i1display@k              cstackBANK0  024
interrupt_function       intentry     004
intlevel0                functab      000
intlevel1                functab      000
intlevel2                functab      000
intlevel3                functab      000
intlevel4                functab      000
intlevel5                functab      000
reset_vec                reset_vec    000
saved_w                  (abs)        07E
start                    init         010
start_initialization     cinit        013
wtemp0                   (abs)        07E


MODULE INFORMATION

Module		Function		Class		Link	Load	Size
C:\Program Files\Microchip\xc8\v2.32\pic\sources\c90\common\awmod.c
		___awmod       		CODE           	0287	0000	91

C:\Program Files\Microchip\xc8\v2.32\pic\sources\c90\common\awmod.c estimated size: 91

shared
		i1_pulse       		CODE           	0443	0000	17
		i1___awdiv     		CODE           	021E	0000	105
		i1_LCD         		CODE           	0405	0000	41
		__initialization		CODE           	0013	0000	6
		i1___awmod     		CODE           	02E2	0000	89
		i1_display     		CODE           	0135	0000	128

shared estimated size: 386

INTERRUPT TIMER.c
		_display       		CODE           	00B3	0000	130
		_LCD           		CODE           	03DA	0000	43
		_main          		CODE           	0390	0000	74
		_timer         		CODE           	001D	0000	150
		_pulse         		CODE           	042E	0000	21
		_timer1_int    		CODE           	033B	0000	85

INTERRUPT TIMER.c estimated size: 503

C:\Program Files\Microchip\xc8\v2.32\pic\sources\c90\common\awdiv.c
		___awdiv       		CODE           	01B5	0000	105

C:\Program Files\Microchip\xc8\v2.32\pic\sources\c90\common\awdiv.c estimated size: 105

