Microchip MPLAB XC8 Compiler V2.32

Linker command line:

-W-3 --edf=C:\Program Files\Microchip\xc8\v2.32\pic\dat\en_msgs.txt -cn \
  -h+dist/default/production\4_SEG_AIRTHMATIC.X.production.sym \
  --cmf=dist/default/production\4_SEG_AIRTHMATIC.X.production.cmf -z \
  -Q16F887 -oC:\Users\star\AppData\Local\Temp\xcAs7k8.4 \
  --defsym=__MPLAB_BUILD=1 \
  -Mdist/default/production/4_SEG_AIRTHMATIC.X.production.map -E1 \
  -ver=XC8 Compiler --acfsm=1493 -ASTACK=0110h-016Fh -pstack=STACK \
  -ACODE=00h-07FFhx4 -ASTRCODE=00h-01FFFh -ASTRING=00h-0FFhx32 \
  -ACONST=00h-0FFhx32 -AENTRY=00h-0FFhx32 -ACOMMON=070h-07Fh \
  -ABANK0=020h-06Fh -ABANK1=0A0h-0EFh -ABANK2=0110h-016Fh \
  -ABANK3=0190h-01EFh -ARAM=020h-06Fh,0A0h-0EFh,0110h-016Fh,0190h-01EFh \
  -AABS1=020h-07Fh,0A0h-0EFh,0110h-016Fh,0190h-01EFh -ASFR0=00h-01Fh \
  -ASFR1=080h-09Fh -ASFR2=0100h-010Fh -ASFR3=0180h-018Fh \
  -ACONFIG=02007h-02008h -DCONFIG=2 -AIDLOC=02000h-02003h -DIDLOC=2 \
  -AEEDATA=00h-0FFh/02100h -peeprom_data=EEDATA -DEEDATA=2 -DCODE=2 \
  -DSTRCODE=2 -DSTRING=2 -DCONST=2 -DENTRY=2 \
  -preset_vec=00h,intentry,init,end_init -ppowerup=CODE -pcinit=CODE \
  -pfunctab=ENTRY -k C:\Users\star\AppData\Local\Temp\xcAs7k8.o \
  dist/default/production\4_SEG_AIRTHMATIC.X.production.o 

Object code version is 3.11

Machine type is 16F887



                Name                               Link     Load   Length Selector   Space Scale
C:\Users\star\AppData\Local\Temp\xcAs7k8.o
                end_init                              0        0        3        0       0
dist/default/production\4_SEG_AIRTHMATIC.X.production.o
                cinit                               7E0      7E0       20      FC0       0
                text2                               77F      77F       61      EFE       0
                text1                               700      700        6      E00       0
                maintext                            72D      72D       52      E5A       0
                cstackCOMMON                         7C       7C        2       70       1
                inittext                            706      706       13      E0C       0
                dataBANK0                            20       20       14       20       1
                bssBANK0                             34       34        2       20       1
                bssCOMMON                            70       70        C       70       1
                idataBANK0                          719      719       14      E32       0

TOTAL           Name                               Link     Load   Length     Space
        CLASS   STACK          

        CLASS   CODE           
                end_init                              0        0        3         0
                cinit                               7E0      7E0       20         0
                text2                               77F      77F       61         0
                text1                               700      700        6         0
                maintext                            72D      72D       52         0
                inittext                            706      706       13         0
                idataBANK0                          719      719       14         0

        CLASS   STRCODE        

        CLASS   STRING         

        CLASS   CONST          

        CLASS   ENTRY          

        CLASS   COMMON         
                cstackCOMMON                         7C       7C        2         1
                bssCOMMON                            70       70        C         1

        CLASS   BANK0          
                dataBANK0                            20       20       14         1
                bssBANK0                             34       34        2         1

        CLASS   BANK1          

        CLASS   BANK2          

        CLASS   BANK3          

        CLASS   RAM            

        CLASS   ABS1           
                abs_s1                               7E       7E        2         1

        CLASS   SFR0           

        CLASS   SFR1           

        CLASS   SFR2           

        CLASS   SFR3           

        CLASS   CONFIG         

        CLASS   IDLOC          

        CLASS   EEDATA         



SEGMENTS        Name                           Load    Length   Top    Selector   Space  Class     Delta

                reset_vec                      000000  000003  000003         0       0  CODE        2
                dataBANK0                      000020  000016  000036        20       1  BANK0       1
                bssCOMMON                      000070  00000E  00007E        70       1  COMMON      1
                text1                          000700  000006  000706       E00       0  CODE        2
                inittext                       000706  000013  000719       E0C       0  CODE        2
                idataBANK0                     000719  000014  00072D       E32       0  CODE        2
                maintext                       00072D  000052  00077F       E5A       0  CODE        2
                text2                          00077F  000061  0007E0       EFE       0  CODE        2
                cinit                          0007E0  000020  000800       FC0       0  CODE        2


UNUSED ADDRESS RANGES

        Name                Unused          Largest block    Delta
        BANK0            0036-006F             3A           1
        BANK1            00A0-00EF             50           1
        BANK2            0110-016F             60           1
        BANK3            0190-01EF             60           1
        CODE             0003-06FF            6FD           2
                         0800-1FFF            800
        CONFIG           2007-2008              2           2
        CONST            0003-06FF            100           2
                         0800-1FFF            100
        EEDATA           2100-21FF            100           2
        ENTRY            0003-06FF            100           2
                         0800-1FFF            100
        IDLOC            2000-2003              4           2
        RAM              0036-006F             3A           1
                         00A0-00EF             50
                         0110-016F             60
                         0190-01EF             60
        SFR0             0000-001F             20           1
        SFR1             0080-009F             20           1
        SFR2             0100-010F             10           1
        SFR3             0180-018F             10           1
        STACK            0110-016F             60           1
        STRCODE          0003-06FF            6FD           2
                         0800-1FFF           1800
        STRING           0003-06FF            100           2
                         0800-1FFF            100

                                  Symbol Table

_ANSEL                   (abs)        0188
_ANSELH                  (abs)        0189
_PORTA                   (abs)        0005
_PORTC                   (abs)        0007
_PORTD                   (abs)        0008
_RA0                     (abs)        0028
_RA1                     (abs)        0029
_RD0                     (abs)        0040
_RD1                     (abs)        0041
_RD2                     (abs)        0042
_RD3                     (abs)        0043
_TRISA                   (abs)        0085
_TRISC                   (abs)        0087
_TRISD                   (abs)        0088
__Habs1                  abs1         0000
__Hbank0                 bank0        0000
__Hbank1                 bank1        0000
__Hbank2                 bank2        0000
__Hbank3                 bank3        0000
__HbssBANK0              bssBANK0     0000
__HbssCOMMON             bssCOMMON    0000
__Hcinit                 cinit        0800
__Hclrtext               clrtext      0000
__Hcode                  code         0000
__Hcommon                common       0000
__HcstackCOMMON          cstackCOMMON 0000
__HdataBANK0             dataBANK0    0000
__Heeprom_data           eeprom_data  0000
__Hend_init              end_init     0003
__Hfunctab               functab      0000
__HidataBANK0            idataBANK0   0000
__Hinit                  init         0000
__Hinittext              inittext     0000
__Hintentry              intentry     0000
__Hmaintext              maintext     0000
__Hpowerup               powerup      0000
__Hram                   ram          0000
__Hreset_vec             reset_vec    0000
__Hsfr0                  sfr0         0000
__Hsfr1                  sfr1         0000
__Hsfr2                  sfr2         0000
__Hsfr3                  sfr3         0000
__Hspace_0               (abs)        0800
__Hspace_1               (abs)        007E
__Hspace_2               (abs)        0000
__Hspace_3               (abs)        0000
__Hstack                 stack        0000
__Hstrings               strings      0000
__Htext                  text         0000
__Labs1                  abs1         0000
__Lbank0                 bank0        0000
__Lbank1                 bank1        0000
__Lbank2                 bank2        0000
__Lbank3                 bank3        0000
__LbssBANK0              bssBANK0     0000
__LbssCOMMON             bssCOMMON    0000
__Lcinit                 cinit        07E0
__Lclrtext               clrtext      0000
__Lcode                  code         0000
__Lcommon                common       0000
__LcstackCOMMON          cstackCOMMON 0000
__LdataBANK0             dataBANK0    0000
__Leeprom_data           eeprom_data  0000
__Lend_init              end_init     0000
__Lfunctab               functab      0000
__LidataBANK0            idataBANK0   0000
__Linit                  init         0000
__Linittext              inittext     0000
__Lintentry              intentry     0000
__Lmaintext              maintext     0000
__Lpowerup               powerup      0000
__Lram                   ram          0000
__Lreset_vec             reset_vec    0000
__Lsfr0                  sfr0         0000
__Lsfr1                  sfr1         0000
__Lsfr2                  sfr2         0000
__Lsfr3                  sfr3         0000
__Lspace_0               (abs)        0000
__Lspace_1               (abs)        0000
__Lspace_2               (abs)        0000
__Lspace_3               (abs)        0000
__Lstack                 stack        0000
__Lstrings               strings      0000
__Ltext                  text         0000
__S0                     (abs)        0800
__S1                     (abs)        007E
__S2                     (abs)        0000
__S3                     (abs)        0000
___int_sp                stack        0000
___latbits               (abs)        0002
___sp                    stack        0000
___stackhi               (abs)        0000
___stacklo               (abs)        0000
__end_of__initialization cinit        07FC
__end_of_display         text2        07E0
__end_of_first_seg       text1        0706
__end_of_main            maintext     077F
__initialization         cinit        07E0
__pbssBANK0              bssBANK0     0034
__pbssCOMMON             bssCOMMON    0070
__pcstackCOMMON          cstackCOMMON 007C
__pdataBANK0             dataBANK0    0020
__pidataBANK0            idataBANK0   0719
__pmaintext              maintext     072D
__ptext1                 text1        0700
__ptext2                 text2        077F
__size_of_display        (abs)        0000
__size_of_first_seg      (abs)        0000
__size_of_main           (abs)        0000
_cc                      dataBANK0    0020
_count                   bssCOMMON    0070
_display                 text2        077F
_first_seg               text1        0700
_flag                    bssCOMMON    0072
_j                       bssCOMMON    0078
_k                       bssCOMMON    0076
_main                    maintext     072D
btemp                    (abs)        007E
end_of_initialization    cinit        07FC
init_fetch0              inittext     0706
init_ram0                inittext     070A
intlevel0                functab      0000
intlevel1                functab      0000
intlevel2                functab      0000
intlevel3                functab      0000
intlevel4                functab      0000
intlevel5                functab      0000
reset_vec                reset_vec    0000
start                    init         0000
start_initialization     cinit        07E0
wtemp0                   (abs)        007E


MODULE INFORMATION

Module		Function		Class		Link	Load	Size
4 SEG AIRTHMATIC.c
		_display       		CODE           	077F	0000	97
		_main          		CODE           	072D	0000	82
		_first_seg     		CODE           	0700	0000	6

4 SEG AIRTHMATIC.c estimated size: 185

shared
		__initialization		CODE           	07E0	0000	28

shared estimated size: 28

